BL51 BANKED LINKER/LOCATER V6.22                                                        04/08/2022  20:12:03  PAGE 1


BL51 BANKED LINKER/LOCATER V6.22, INVOKED BY:
E:\KEIL5\C51\BIN\BL51.EXE .\Objects\main.obj, .\Objects\wheel.obj, .\Objects\run.obj, .\Objects\Delay.obj, .\Objects\son
>> ar.obj, .\Objects\fan.obj, .\Objects\fire.obj, .\Objects\sonar2.obj TO .\Objects\USER PRINT (.\Listings\USER.m51) RAM
>> SIZE (256) DISABLEWARNING (16)


MEMORY MODEL: SMALL WITH FLOATING POINT ARITHMETIC


INPUT MODULES INCLUDED:
  .\Objects\main.obj (MAIN)
  .\Objects\wheel.obj (WHEEL)
  .\Objects\run.obj (RUN)
  .\Objects\Delay.obj (DELAY)
  .\Objects\sonar.obj (SONAR)
  .\Objects\fan.obj (FAN)
  .\Objects\fire.obj (FIRE)
  .\Objects\sonar2.obj (SONAR2)
  E:\KEIL5\C51\LIB\C51FPS.LIB (?C?FPMUL)
  E:\KEIL5\C51\LIB\C51FPS.LIB (?C?FPDIV)
  E:\KEIL5\C51\LIB\C51FPS.LIB (?C?FPCMP)
  E:\KEIL5\C51\LIB\C51FPS.LIB (?C?FCAST)
  E:\KEIL5\C51\LIB\C51FPS.LIB (?C?CASTF)
  E:\KEIL5\C51\LIB\C51FPS.LIB (?C?FPGETOPN)
  E:\KEIL5\C51\LIB\C51S.LIB (?C_STARTUP)
  E:\KEIL5\C51\LIB\C51S.LIB (?C?LNEG)
  E:\KEIL5\C51\LIB\C51S.LIB (?C_INIT)


LINK MAP OF MODULE:  .\Objects\USER (MAIN)


            TYPE    BASE      LENGTH    RELOCATION   SEGMENT NAME
            -----------------------------------------------------

            * * * * * * *   D A T A   M E M O R Y   * * * * * * *
            REG     0000H     0008H     ABSOLUTE     "REG BANK 0"
            DATA    0008H     000CH     UNIT         ?DT?SONAR2
            DATA    0014H     0006H     UNIT         ?DT?SONAR
            DATA    001AH     0002H     UNIT         ?DT?MAIN
            DATA    001CH     0002H     UNIT         ?DT?RUN
            DATA    001EH     0002H     UNIT         ?DT?FIRE
            IDATA   0020H     0001H     UNIT         ?STACK

            * * * * * * *   C O D E   M E M O R Y   * * * * * * *
            CODE    0000H     0003H     ABSOLUTE     
            CODE    0003H     0006H     UNIT         ?PR?DELAY15US?SONAR
                    0009H     0002H                  *** GAP ***
            CODE    000BH     0003H     ABSOLUTE     
            CODE    000EH     02ECH     UNIT         ?C?LIB_CODE
            CODE    02FAH     0287H     UNIT         ?PR?SONAR2?SONAR2
            CODE    0581H     01B9H     UNIT         ?PR?SONAR?SONAR
            CODE    073AH     00D5H     UNIT         ?PR?FIRE?FIRE
            CODE    080FH     008CH     UNIT         ?C_C51STARTUP
            CODE    089BH     003BH     UNIT         ?PR?MAIN?MAIN
            CODE    08D6H     0034H     UNIT         ?PR?TIMER0_ROUTINE?RUN
            CODE    090AH     0015H     UNIT         ?C_INITSEG
            CODE    091FH     0015H     UNIT         ?PR?_DELAY?DELAY
BL51 BANKED LINKER/LOCATER V6.22                                                      04/08/2022  20:12:03  PAGE 2


            CODE    0934H     0014H     UNIT         ?PR?TIMER_INIT?RUN
            CODE    0948H     000FH     UNIT         ?PR?CAR_GO?RUN
            CODE    0957H     000FH     UNIT         ?PR?CAR_BACK?RUN
            CODE    0966H     000FH     UNIT         ?PR?CAR_STOP?RUN
            CODE    0975H     000FH     UNIT         ?PR?CAR_LEFTGO?RUN
            CODE    0984H     000FH     UNIT         ?PR?CAR_RIGHTGO?RUN
            CODE    0993H     000FH     UNIT         ?PR?CAR_RIGHTBACK?RUN
            CODE    09A2H     000FH     UNIT         ?PR?CAR_LEFTBACK?RUN
            CODE    09B1H     000FH     UNIT         ?PR?CAR_LEFTSTOP?RUN
            CODE    09C0H     000FH     UNIT         ?PR?CAR_RIGHTSTOP?RUN
            CODE    09CFH     0006H     UNIT         ?PR?DELAY15US2?SONAR2
            CODE    09D5H     0005H     UNIT         ?PR?LF_MOTOR_GO?WHEEL
            CODE    09DAH     0005H     UNIT         ?PR?LF_MOTOR_STOP?WHEEL
            CODE    09DFH     0005H     UNIT         ?PR?LF_MOTOR_BACK?WHEEL
            CODE    09E4H     0005H     UNIT         ?PR?RF_MOTOR_GO?WHEEL
            CODE    09E9H     0005H     UNIT         ?PR?RF_MOTOR_STOP?WHEEL
            CODE    09EEH     0005H     UNIT         ?PR?RF_MOTOR_BACK?WHEEL
            CODE    09F3H     0005H     UNIT         ?PR?LR_MOTOR_GO?WHEEL
            CODE    09F8H     0005H     UNIT         ?PR?LR_MOTOR_STOP?WHEEL
            CODE    09FDH     0005H     UNIT         ?PR?LR_MOTOR_BACK?WHEEL
            CODE    0A02H     0005H     UNIT         ?PR?RR_MOTOR_GO?WHEEL
            CODE    0A07H     0005H     UNIT         ?PR?RR_MOTOR_STOP?WHEEL
            CODE    0A0CH     0005H     UNIT         ?PR?RR_MOTOR_BACK?WHEEL
            CODE    0A11H     0005H     UNIT         ?PR?FAN_ON?FAN
            CODE    0A16H     0005H     UNIT         ?PR?FAN_OFF?FAN



OVERLAY MAP OF MODULE:   .\Objects\USER (MAIN)


SEGMENT
  +--> CALLED SEGMENT
---------------------
?C_C51STARTUP
  +--> ?PR?MAIN?MAIN
  +--> ?C_INITSEG

?PR?MAIN?MAIN
  +--> ?PR?FAN_OFF?FAN
  +--> ?PR?TIMER_INIT?RUN
  +--> ?PR?FIRE?FIRE
  +--> ?PR?SONAR?SONAR
  +--> ?PR?SONAR2?SONAR2
  +--> ?PR?CAR_STOP?RUN

?PR?FIRE?FIRE
  +--> ?PR?CAR_STOP?RUN
  +--> ?PR?_DELAY?DELAY
  +--> ?PR?FAN_ON?FAN
  +--> ?PR?FAN_OFF?FAN
  +--> ?PR?CAR_LEFTSTOP?RUN
  +--> ?PR?CAR_RIGHTSTOP?RUN

?PR?CAR_STOP?RUN
  +--> ?PR?LF_MOTOR_STOP?WHEEL
  +--> ?PR?RF_MOTOR_STOP?WHEEL
BL51 BANKED LINKER/LOCATER V6.22                                                      04/08/2022  20:12:03  PAGE 3


  +--> ?PR?LR_MOTOR_STOP?WHEEL
  +--> ?PR?RR_MOTOR_STOP?WHEEL

?PR?CAR_LEFTSTOP?RUN
  +--> ?PR?LF_MOTOR_GO?WHEEL
  +--> ?PR?RF_MOTOR_BACK?WHEEL
  +--> ?PR?LR_MOTOR_GO?WHEEL
  +--> ?PR?RR_MOTOR_BACK?WHEEL

?PR?CAR_RIGHTSTOP?RUN
  +--> ?PR?LF_MOTOR_BACK?WHEEL
  +--> ?PR?RF_MOTOR_GO?WHEEL
  +--> ?PR?LR_MOTOR_BACK?WHEEL
  +--> ?PR?RR_MOTOR_GO?WHEEL

?PR?SONAR?SONAR
  +--> ?PR?DELAY15US?SONAR
  +--> ?PR?CAR_STOP?RUN
  +--> ?PR?_DELAY?DELAY
  +--> ?PR?CAR_LEFTSTOP?RUN
  +--> ?PR?CAR_LEFTGO?RUN
  +--> ?PR?CAR_GO?RUN
  +--> ?PR?CAR_RIGHTGO?RUN

?PR?CAR_LEFTGO?RUN
  +--> ?PR?LF_MOTOR_GO?WHEEL
  +--> ?PR?RF_MOTOR_STOP?WHEEL
  +--> ?PR?LR_MOTOR_GO?WHEEL
  +--> ?PR?RR_MOTOR_STOP?WHEEL

?PR?CAR_GO?RUN
  +--> ?PR?LF_MOTOR_GO?WHEEL
  +--> ?PR?RF_MOTOR_GO?WHEEL
  +--> ?PR?LR_MOTOR_GO?WHEEL
  +--> ?PR?RR_MOTOR_GO?WHEEL

?PR?CAR_RIGHTGO?RUN
  +--> ?PR?LF_MOTOR_STOP?WHEEL
  +--> ?PR?RF_MOTOR_GO?WHEEL
  +--> ?PR?LR_MOTOR_STOP?WHEEL
  +--> ?PR?RR_MOTOR_GO?WHEEL

?PR?SONAR2?SONAR2
  +--> ?PR?DELAY15US2?SONAR2
  +--> ?PR?CAR_STOP?RUN
  +--> ?PR?_DELAY?DELAY
  +--> ?PR?CAR_LEFTGO?RUN
  +--> ?PR?CAR_GO?RUN
  +--> ?PR?CAR_LEFTSTOP?RUN
  +--> ?PR?CAR_RIGHTGO?RUN



SYMBOL TABLE OF MODULE:  .\Objects\USER (MAIN)

  VALUE           TYPE          NAME
  ----------------------------------
BL51 BANKED LINKER/LOCATER V6.22                                                      04/08/2022  20:12:03  PAGE 4



  -------         MODULE        MAIN
  C:0000H         SYMBOL        _ICE_DUMMY_
  D:001AH         PUBLIC        flag
  C:089BH         PUBLIC        main
  -------         PROC          MAIN
  C:089BH         LINE#         8
  C:089BH         LINE#         9
  C:089BH         LINE#         10
  C:089EH         LINE#         11
  C:08A1H         LINE#         12
  C:08A1H         LINE#         13
  C:08A1H         LINE#         14
  C:08A8H         LINE#         15
  C:08B5H         LINE#         16
  C:08B5H         LINE#         17
  C:08B8H         LINE#         18
  C:08BBH         LINE#         19
  C:08BBH         LINE#         20
  C:08C3H         LINE#         21
  C:08C3H         LINE#         22
  C:08C6H         LINE#         23
  C:08C9H         LINE#         24
  C:08D1H         LINE#         25
  C:08D4H         LINE#         26
  C:08D4H         LINE#         27
  -------         ENDPROC       MAIN
  -------         ENDMOD        MAIN

  -------         MODULE        WHEEL
  C:0000H         SYMBOL        _ICE_DUMMY_
  D:0080H         PUBLIC        P0
  D:00B0H         PUBLIC        P3
  C:09DFH         PUBLIC        LF_motor_back
  C:09EEH         PUBLIC        RF_motor_back
  C:09FDH         PUBLIC        LR_motor_back
  C:0A0CH         PUBLIC        RR_motor_back
  C:09DAH         PUBLIC        LF_motor_stop
  C:09E9H         PUBLIC        RF_motor_stop
  C:09F8H         PUBLIC        LR_motor_stop
  C:09D5H         PUBLIC        LF_motor_go
  C:0A07H         PUBLIC        RR_motor_stop
  C:09E4H         PUBLIC        RF_motor_go
  C:09F3H         PUBLIC        LR_motor_go
  C:0A02H         PUBLIC        RR_motor_go
  B:0080H.5       PUBLIC        IN11
  B:00B0H.5       PUBLIC        IN21
  B:0080H.6       PUBLIC        IN12
  B:00B0H.6       PUBLIC        IN22
  B:0080H.3       PUBLIC        IN13
  B:00B0H.3       PUBLIC        IN23
  B:0080H.4       PUBLIC        IN14
  B:00B0H.4       PUBLIC        IN24
  -------         PROC          LF_MOTOR_GO
  C:09D5H         LINE#         19
  C:09D5H         LINE#         20
  -------         ENDPROC       LF_MOTOR_GO
BL51 BANKED LINKER/LOCATER V6.22                                                      04/08/2022  20:12:03  PAGE 5


  -------         PROC          LF_MOTOR_STOP
  C:09DAH         LINE#         21
  C:09DAH         LINE#         22
  -------         ENDPROC       LF_MOTOR_STOP
  -------         PROC          LF_MOTOR_BACK
  C:09DFH         LINE#         23
  C:09DFH         LINE#         24
  -------         ENDPROC       LF_MOTOR_BACK
  -------         PROC          RF_MOTOR_GO
  C:09E4H         LINE#         25
  C:09E4H         LINE#         26
  -------         ENDPROC       RF_MOTOR_GO
  -------         PROC          RF_MOTOR_STOP
  C:09E9H         LINE#         27
  C:09E9H         LINE#         28
  -------         ENDPROC       RF_MOTOR_STOP
  -------         PROC          RF_MOTOR_BACK
  C:09EEH         LINE#         29
  C:09EEH         LINE#         30
  -------         ENDPROC       RF_MOTOR_BACK
  -------         PROC          LR_MOTOR_GO
  C:09F3H         LINE#         31
  C:09F3H         LINE#         32
  -------         ENDPROC       LR_MOTOR_GO
  -------         PROC          LR_MOTOR_STOP
  C:09F8H         LINE#         33
  C:09F8H         LINE#         34
  -------         ENDPROC       LR_MOTOR_STOP
  -------         PROC          LR_MOTOR_BACK
  C:09FDH         LINE#         35
  C:09FDH         LINE#         36
  -------         ENDPROC       LR_MOTOR_BACK
  -------         PROC          RR_MOTOR_GO
  C:0A02H         LINE#         37
  C:0A02H         LINE#         38
  -------         ENDPROC       RR_MOTOR_GO
  -------         PROC          RR_MOTOR_STOP
  C:0A07H         LINE#         39
  C:0A07H         LINE#         40
  -------         ENDPROC       RR_MOTOR_STOP
  -------         PROC          RR_MOTOR_BACK
  C:0A0CH         LINE#         41
  C:0A0CH         LINE#         42
  -------         ENDPROC       RR_MOTOR_BACK
  -------         ENDMOD        WHEEL

  -------         MODULE        RUN
  C:0000H         SYMBOL        _ICE_DUMMY_
  C:08D6H         PUBLIC        Timer0_Routine
  D:0080H         PUBLIC        P0
  C:09C0H         PUBLIC        car_rightstop
  D:00B0H         PUBLIC        P3
  B:0080H.7       PUBLIC        EN1A
  B:00A8H.7       PUBLIC        EA
  B:00B0H.7       PUBLIC        EN2A
  B:0080H.2       PUBLIC        EN1B
  B:00B0H.2       PUBLIC        EN2B
BL51 BANKED LINKER/LOCATER V6.22                                                      04/08/2022  20:12:03  PAGE 6


  C:09B1H         PUBLIC        car_leftstop
  C:0984H         PUBLIC        car_rightgo
  D:001CH         PUBLIC        speed
  C:0975H         PUBLIC        car_leftgo
  C:0957H         PUBLIC        car_back
  D:0089H         PUBLIC        TMOD
  D:001DH         PUBLIC        counter1
  B:00A8H.1       PUBLIC        ET0
  B:0088H.5       PUBLIC        TF0
  D:008CH         PUBLIC        TH0
  C:0993H         PUBLIC        car_rightback
  D:008AH         PUBLIC        TL0
  B:00B8H.1       PUBLIC        PT0
  B:0088H.4       PUBLIC        TR0
  C:09A2H         PUBLIC        car_leftback
  C:0966H         PUBLIC        car_stop
  C:0948H         PUBLIC        car_go
  C:0934H         PUBLIC        Timer_Init
  -------         PROC          TIMER_INIT
  C:0934H         LINE#         15
  C:0934H         LINE#         16
  C:0934H         LINE#         17
  C:0937H         LINE#         18
  C:093AH         LINE#         19
  C:093DH         LINE#         20
  C:093FH         LINE#         21
  C:0941H         LINE#         22
  C:0943H         LINE#         23
  C:0945H         LINE#         24
  C:0947H         LINE#         25
  -------         ENDPROC       TIMER_INIT
  -------         PROC          TIMER0_ROUTINE
  C:08D6H         LINE#         27
  C:08DAH         LINE#         29
  C:08DDH         LINE#         30
  C:08E0H         LINE#         32
  C:08E2H         LINE#         33
  C:08E9H         LINE#         34
  C:08E9H         LINE#         35
  C:08ECH         LINE#         36
  C:08ECH         LINE#         38
  C:08F3H         LINE#         39
  C:08F3H         LINE#         40
  C:08F5H         LINE#         41
  C:08F7H         LINE#         42
  C:08F9H         LINE#         43
  C:08FBH         LINE#         44
  C:08FDH         LINE#         47
  C:08FDH         LINE#         48
  C:08FFH         LINE#         49
  C:0901H         LINE#         50
  C:0903H         LINE#         51
  C:0905H         LINE#         52
  C:0905H         LINE#         53
  -------         ENDPROC       TIMER0_ROUTINE
  -------         PROC          CAR_GO
  C:0948H         LINE#         57
BL51 BANKED LINKER/LOCATER V6.22                                                      04/08/2022  20:12:03  PAGE 7


  C:0948H         LINE#         58
  C:0948H         LINE#         59
  C:094BH         LINE#         60
  C:094EH         LINE#         61
  C:0951H         LINE#         62
  C:0954H         LINE#         63
  -------         ENDPROC       CAR_GO
  -------         PROC          CAR_BACK
  C:0957H         LINE#         65
  C:0957H         LINE#         66
  C:0957H         LINE#         67
  C:095AH         LINE#         68
  C:095DH         LINE#         69
  C:0960H         LINE#         70
  C:0963H         LINE#         71
  -------         ENDPROC       CAR_BACK
  -------         PROC          CAR_STOP
  C:0966H         LINE#         73
  C:0966H         LINE#         74
  C:0966H         LINE#         75
  C:0969H         LINE#         76
  C:096CH         LINE#         77
  C:096FH         LINE#         78
  C:0972H         LINE#         79
  -------         ENDPROC       CAR_STOP
  -------         PROC          CAR_LEFTGO
  C:0975H         LINE#         81
  C:0975H         LINE#         82
  C:0975H         LINE#         83
  C:0978H         LINE#         84
  C:097BH         LINE#         85
  C:097EH         LINE#         86
  C:0981H         LINE#         87
  -------         ENDPROC       CAR_LEFTGO
  -------         PROC          CAR_RIGHTGO
  C:0984H         LINE#         89
  C:0984H         LINE#         90
  C:0984H         LINE#         91
  C:0987H         LINE#         92
  C:098AH         LINE#         93
  C:098DH         LINE#         94
  C:0990H         LINE#         95
  -------         ENDPROC       CAR_RIGHTGO
  -------         PROC          CAR_RIGHTBACK
  C:0993H         LINE#         97
  C:0993H         LINE#         98
  C:0993H         LINE#         99
  C:0996H         LINE#         100
  C:0999H         LINE#         101
  C:099CH         LINE#         102
  C:099FH         LINE#         103
  -------         ENDPROC       CAR_RIGHTBACK
  -------         PROC          CAR_LEFTBACK
  C:09A2H         LINE#         105
  C:09A2H         LINE#         106
  C:09A2H         LINE#         107
  C:09A5H         LINE#         108
BL51 BANKED LINKER/LOCATER V6.22                                                      04/08/2022  20:12:03  PAGE 8


  C:09A8H         LINE#         109
  C:09ABH         LINE#         110
  C:09AEH         LINE#         111
  -------         ENDPROC       CAR_LEFTBACK
  -------         PROC          CAR_LEFTSTOP
  C:09B1H         LINE#         113
  C:09B1H         LINE#         114
  C:09B1H         LINE#         115
  C:09B4H         LINE#         116
  C:09B7H         LINE#         117
  C:09BAH         LINE#         118
  C:09BDH         LINE#         119
  -------         ENDPROC       CAR_LEFTSTOP
  -------         PROC          CAR_RIGHTSTOP
  C:09C0H         LINE#         121
  C:09C0H         LINE#         122
  C:09C0H         LINE#         123
  C:09C3H         LINE#         124
  C:09C6H         LINE#         125
  C:09C9H         LINE#         126
  C:09CCH         LINE#         127
  -------         ENDPROC       CAR_RIGHTSTOP
  -------         ENDMOD        RUN

  -------         MODULE        DELAY
  C:0000H         SYMBOL        _ICE_DUMMY_
  C:091FH         PUBLIC        _Delay
  -------         PROC          _DELAY
  D:0006H         SYMBOL        xms
  -------         DO            
  D:0005H         SYMBOL        i
  D:0004H         SYMBOL        j
  -------         ENDDO         
  C:091FH         LINE#         1
  C:091FH         LINE#         2
  C:091FH         LINE#         4
  C:0929H         LINE#         5
  C:0929H         LINE#         6
  C:092BH         LINE#         7
  C:092DH         LINE#         9
  C:092DH         LINE#         10
  C:092FH         LINE#         11
  C:0931H         LINE#         12
  C:0933H         LINE#         14
  -------         ENDPROC       _DELAY
  -------         ENDMOD        DELAY

  -------         MODULE        SONAR
  C:0000H         SYMBOL        _ICE_DUMMY_
  D:0014H         PUBLIC        distance1
  D:00A0H         PUBLIC        P2
  D:0016H         PUBLIC        distance2
  D:0018H         PUBLIC        distance3
  B:00A8H.7       PUBLIC        EA
  C:0581H         PUBLIC        sonar
  B:00A0H.1       PUBLIC        Echo1
  B:00A0H.3       PUBLIC        Echo2
BL51 BANKED LINKER/LOCATER V6.22                                                      04/08/2022  20:12:03  PAGE 9


  B:00A0H.5       PUBLIC        Echo3
  D:0089H         PUBLIC        TMOD
  C:0003H         PUBLIC        Delay15us
  B:00A0H.0       PUBLIC        Trig1
  B:00A0H.2       PUBLIC        Trig2
  B:00A0H.4       PUBLIC        Trig3
  D:008DH         PUBLIC        TH1
  D:008BH         PUBLIC        TL1
  B:0088H.6       PUBLIC        TR1
  -------         PROC          DELAY15US
  -------         DO            
  D:0007H         SYMBOL        i
  -------         ENDDO         
  C:0003H         LINE#         19
  C:0003H         LINE#         20
  C:0003H         LINE#         23
  C:0004H         LINE#         24
  C:0006H         LINE#         25
  C:0008H         LINE#         26
  -------         ENDPROC       DELAY15US
  -------         PROC          SONAR
  C:0581H         LINE#         30
  C:0581H         LINE#         31
  C:0581H         LINE#         32
  C:0584H         LINE#         33
  C:0587H         LINE#         34
  C:0589H         LINE#         35
  C:058BH         LINE#         39
  C:058DH         LINE#         40
  C:0590H         LINE#         41
  C:0592H         LINE#         42
  C:0595H         LINE#         43
  C:0597H         LINE#         44
  C:059AH         LINE#         45
  C:059AH         LINE#         46
  C:059CH         LINE#         47
  C:05C9H         LINE#         48
  C:05CCH         LINE#         49
  C:05CEH         LINE#         50
  C:05CEH         LINE#         53
  C:05D0H         LINE#         54
  C:05D3H         LINE#         55
  C:05D5H         LINE#         56
  C:05D8H         LINE#         57
  C:05DAH         LINE#         58
  C:05DDH         LINE#         59
  C:05DDH         LINE#         60
  C:05DFH         LINE#         61
  C:060CH         LINE#         62
  C:060FH         LINE#         63
  C:0611H         LINE#         64
  C:0611H         LINE#         67
  C:0613H         LINE#         68
  C:0616H         LINE#         69
  C:0618H         LINE#         70
  C:061BH         LINE#         71
  C:061DH         LINE#         72
BL51 BANKED LINKER/LOCATER V6.22                                                      04/08/2022  20:12:03  PAGE 10


  C:0620H         LINE#         73
  C:0620H         LINE#         74
  C:0622H         LINE#         75
  C:064FH         LINE#         76
  C:0652H         LINE#         77
  C:0654H         LINE#         78
  C:0654H         LINE#         82
  C:0669H         LINE#         83
  C:0687H         LINE#         84
  C:069DH         LINE#         85
  C:06AEH         LINE#         87
  C:06AEH         LINE#         88
  C:06C4H         LINE#         89
  C:06E2H         LINE#         90
  C:06F6H         LINE#         91
  C:06F6H         LINE#         92
  C:070AH         LINE#         93
  C:071BH         LINE#         95
  C:0739H         LINE#         96
  C:0739H         LINE#         97
  C:0739H         LINE#         98
  -------         ENDPROC       SONAR
  -------         ENDMOD        SONAR

  -------         MODULE        FAN
  C:0000H         SYMBOL        _ICE_DUMMY_
  D:0090H         PUBLIC        P1
  C:0A16H         PUBLIC        fan_off
  B:0090H.0       PUBLIC        fan1
  B:0090H.1       PUBLIC        fan2
  C:0A11H         PUBLIC        fan_on
  -------         PROC          FAN_ON
  C:0A11H         LINE#         8
  C:0A11H         LINE#         9
  C:0A11H         LINE#         10
  C:0A13H         LINE#         11
  C:0A15H         LINE#         12
  -------         ENDPROC       FAN_ON
  -------         PROC          FAN_OFF
  C:0A16H         LINE#         14
  C:0A16H         LINE#         15
  C:0A16H         LINE#         16
  C:0A18H         LINE#         17
  C:0A1AH         LINE#         18
  -------         ENDPROC       FAN_OFF
  -------         ENDMOD        FAN

  -------         MODULE        FIRE
  C:0000H         SYMBOL        _ICE_DUMMY_
  D:0090H         PUBLIC        P1
  C:073AH         PUBLIC        fire
  B:0090H.2       PUBLIC        DO1
  B:0090H.3       PUBLIC        DO2
  B:0090H.4       PUBLIC        DO3
  D:001EH         PUBLIC        i
  -------         PROC          FIRE
  C:073AH         LINE#         13
BL51 BANKED LINKER/LOCATER V6.22                                                      04/08/2022  20:12:03  PAGE 11


  C:073AH         LINE#         14
  C:073AH         LINE#         15
  C:073DH         LINE#         16
  C:073DH         LINE#         17
  C:0740H         LINE#         18
  C:0747H         LINE#         19
  C:074AH         LINE#         20
  C:0751H         LINE#         21
  C:0754H         LINE#         22
  C:0757H         LINE#         23
  C:075EH         LINE#         24
  C:0761H         LINE#         25
  C:0768H         LINE#         26
  C:0770H         LINE#         27
  C:0770H         LINE#         29
  C:0773H         LINE#         30
  C:0773H         LINE#         31
  C:0776H         LINE#         32
  C:077DH         LINE#         33
  C:0780H         LINE#         34
  C:0785H         LINE#         35
  C:0788H         LINE#         36
  C:078BH         LINE#         37
  C:0792H         LINE#         38
  C:0795H         LINE#         39
  C:079EH         LINE#         40
  C:07A1H         LINE#         41
  C:07A4H         LINE#         42
  C:07ABH         LINE#         43
  C:07AEH         LINE#         44
  C:07B5H         LINE#         45
  C:07BDH         LINE#         46
  C:07BDH         LINE#         48
  C:07C0H         LINE#         49
  C:07C0H         LINE#         50
  C:07C3H         LINE#         51
  C:07CAH         LINE#         52
  C:07CDH         LINE#         53
  C:07D2H         LINE#         54
  C:07D5H         LINE#         55
  C:07D8H         LINE#         56
  C:07DFH         LINE#         57
  C:07E2H         LINE#         58
  C:07EBH         LINE#         59
  C:07EEH         LINE#         60
  C:07F1H         LINE#         61
  C:07F8H         LINE#         62
  C:07FBH         LINE#         63
  C:0802H         LINE#         64
  C:080AH         LINE#         65
  C:080AH         LINE#         66
  C:080EH         LINE#         67
  -------         ENDPROC       FIRE
  -------         ENDMOD        FIRE

  -------         MODULE        SONAR2
  C:0000H         SYMBOL        _ICE_DUMMY_
BL51 BANKED LINKER/LOCATER V6.22                                                      04/08/2022  20:12:03  PAGE 12


  D:0008H         PUBLIC        distance1
  D:00A0H         PUBLIC        P2
  D:000AH         SYMBOL        distance2
  D:000CH         SYMBOL        distance3
  B:00A8H.7       PUBLIC        EA
  B:00A0H.1       PUBLIC        Echo1
  B:00A0H.3       PUBLIC        Echo2
  B:00A0H.5       PUBLIC        Echo3
  D:0089H         PUBLIC        TMOD
  B:00A0H.0       PUBLIC        Trig1
  B:00A0H.2       PUBLIC        Trig2
  B:00A0H.4       PUBLIC        Trig3
  D:008DH         PUBLIC        TH1
  D:008BH         PUBLIC        TL1
  B:0088H.6       PUBLIC        TR1
  C:02FAH         PUBLIC        sonar2
  D:000EH         SYMBOL        j
  D:0010H         SYMBOL        k
  D:0012H         SYMBOL        l
  C:09CFH         PUBLIC        Delay15us2
  -------         PROC          DELAY15US2
  -------         DO            
  D:0007H         SYMBOL        i
  -------         ENDDO         
  C:09CFH         LINE#         20
  C:09CFH         LINE#         21
  C:09CFH         LINE#         24
  C:09D0H         LINE#         25
  C:09D2H         LINE#         26
  C:09D4H         LINE#         27
  -------         ENDPROC       DELAY15US2
  -------         PROC          SONAR2
  C:02FAH         LINE#         31
  C:02FAH         LINE#         32
  C:02FAH         LINE#         33
  C:02FDH         LINE#         34
  C:0300H         LINE#         35
  C:0302H         LINE#         36
  C:0304H         LINE#         40
  C:0306H         LINE#         41
  C:0309H         LINE#         42
  C:030BH         LINE#         43
  C:030EH         LINE#         44
  C:0310H         LINE#         45
  C:0313H         LINE#         46
  C:0313H         LINE#         47
  C:0315H         LINE#         48
  C:0342H         LINE#         49
  C:0345H         LINE#         50
  C:0347H         LINE#         51
  C:0347H         LINE#         54
  C:0349H         LINE#         55
  C:034CH         LINE#         56
  C:034EH         LINE#         57
  C:0351H         LINE#         58
  C:0353H         LINE#         59
  C:0356H         LINE#         60
BL51 BANKED LINKER/LOCATER V6.22                                                      04/08/2022  20:12:03  PAGE 13


  C:0356H         LINE#         61
  C:0358H         LINE#         62
  C:0385H         LINE#         63
  C:0388H         LINE#         64
  C:038AH         LINE#         65
  C:038AH         LINE#         68
  C:038CH         LINE#         69
  C:038FH         LINE#         70
  C:0391H         LINE#         71
  C:0394H         LINE#         72
  C:0396H         LINE#         73
  C:0399H         LINE#         74
  C:0399H         LINE#         75
  C:039BH         LINE#         76
  C:03C8H         LINE#         77
  C:03CBH         LINE#         78
  C:03CDH         LINE#         79
  C:03CDH         LINE#         83
  C:03FDH         LINE#         84
  C:03FDH         LINE#         85
  C:0408H         LINE#         86
  C:0428H         LINE#         87
  C:0428H         LINE#         89
  C:0433H         LINE#         90
  C:0433H         LINE#         91
  C:043EH         LINE#         92
  C:045AH         LINE#         93
  C:0465H         LINE#         94
  C:0488H         LINE#         95
  C:0496H         LINE#         96
  C:04AFH         LINE#         97
  C:04B0H         LINE#         99
  C:04B0H         LINE#         100
  C:04BBH         LINE#         101
  C:04D9H         LINE#         102
  C:04E4H         LINE#         103
  C:04F5H         LINE#         105
  C:04F5H         LINE#         106
  C:050BH         LINE#         107
  C:0529H         LINE#         108
  C:053DH         LINE#         109
  C:053DH         LINE#         110
  C:0551H         LINE#         111
  C:0562H         LINE#         113
  C:0580H         LINE#         114
  C:0580H         LINE#         115
  C:0580H         LINE#         116
  C:0580H         LINE#         118
  -------         ENDPROC       SONAR2
  -------         ENDMOD        SONAR2

  -------         MODULE        ?C?FPMUL
  C:000EH         PUBLIC        ?C?FPMUL
  -------         ENDMOD        ?C?FPMUL

  -------         MODULE        ?C?FPDIV
  C:0117H         PUBLIC        ?C?FPDIV
BL51 BANKED LINKER/LOCATER V6.22                                                      04/08/2022  20:12:03  PAGE 14


  -------         ENDMOD        ?C?FPDIV

  -------         MODULE        ?C?FPCMP
  C:01B6H         PUBLIC        ?C?FPCMP
  C:01B4H         PUBLIC        ?C?FPCMP3
  -------         ENDMOD        ?C?FPCMP

  -------         MODULE        ?C?FCAST
  C:0237H         PUBLIC        ?C?FCASTC
  C:0232H         PUBLIC        ?C?FCASTI
  C:022DH         PUBLIC        ?C?FCASTL
  -------         ENDMOD        ?C?FCAST

  -------         MODULE        ?C?CASTF
  C:026BH         PUBLIC        ?C?CASTF
  -------         ENDMOD        ?C?CASTF

  -------         MODULE        ?C?LNEG
  C:02ECH         PUBLIC        ?C?LNEG
  -------         ENDMOD        ?C?LNEG

Program Size: data=33.0 xdata=0 code=2585
LINK/LOCATE RUN COMPLETE.  0 WARNING(S),  0 ERROR(S)
